---
source: ferrostar/src/models.rs
expression: polyline6
---
"??_c`|@_c`|@"

