---
source: ferrostar/src/models.rs
expression: polyline5
---
"??_ibE_ibE"

